
> nextcrm-primeiro@0.1.0 build G:\github-crm-projects\nextcrm-primeiro
> next build

   Ôû▓ Next.js 15.5.6
   - Environments: .env.local, .env
   - Experiments (use with caution):
     ┬À serverActions

   Creating an optimized production build ...
node.exe : <w> [webpack.cache.PackFileCacheStrategy] Serializing big strings (125kiB) impacts 
deserialization performance (consider using Buffer instead and decode when needed)
No C:\Users\kayqu\AppData\Roaming\npm\pnpm.ps1:24 caractere:5
+     & "node$exe"  "$basedir/node_modules/pnpm/bin/pnpm.cjs" $args
+     ~~~~~~~~~~~~~~~~~~~~~~~~~~~~~~~~~~~~~~~~~~~~~~~~~~~~~~~~~~~~~
    + CategoryInfo          : NotSpecified: (<w> [webpack.ca...de when needed):String) [], Remot 
   eException
    + FullyQualifiedErrorId : NativeCommandError
 
 ÔÜá Compiled with warnings in 36.7s

./node_modules/.pnpm/@supabase+realtime-js@2.80.0/node_modules/@supabase/realtime-js/dist/module/
lib/websocket-factory.js
A Node.js API is used (process.versions at line: 32) which is not supported in the Edge Runtime.
Learn more: https://nextjs.org/docs/api-reference/edge-runtime

Import trace for requested module:
./node_modules/.pnpm/@supabase+realtime-js@2.80.0/node_modules/@supabase/realtime-js/dist/module/
lib/websocket-factory.js
./node_modules/.pnpm/@supabase+realtime-js@2.80.0/node_modules/@supabase/realtime-js/dist/module/
index.js
./node_modules/.pnpm/@supabase+supabase-js@2.80.0/node_modules/@supabase/supabase-js/dist/module/
index.js
./node_modules/.pnpm/@supabase+ssr@0.7.0_@supabase+supabase-js@2.80.0/node_modules/@supabase/ssr/
dist/module/createBrowserClient.js
./node_modules/.pnpm/@supabase+ssr@0.7.0_@supabase+supabase-js@2.80.0/node_modules/@supabase/ssr/
dist/module/index.js

./node_modules/.pnpm/@supabase+supabase-js@2.80.0/node_modules/@supabase/supabase-js/dist/module/
index.js
A Node.js API is used (process.version at line: 24) which is not supported in the Edge Runtime.
Learn more: https://nextjs.org/docs/api-reference/edge-runtime

Import trace for requested module:
./node_modules/.pnpm/@supabase+supabase-js@2.80.0/node_modules/@supabase/supabase-js/dist/module/
index.js
./node_modules/.pnpm/@supabase+ssr@0.7.0_@supabase+supabase-js@2.80.0/node_modules/@supabase/ssr/
dist/module/createBrowserClient.js
./node_modules/.pnpm/@supabase+ssr@0.7.0_@supabase+supabase-js@2.80.0/node_modules/@supabase/ssr/
dist/module/index.js

   Skipping linting
   Checking validity of types ...
Failed to compile.

.next/types/app/[locale]/app/[workspaceSlug]/dashboard/page.ts:34:29
Type error: Type '{ params: { workspaceSlug: string; }; }' does not satisfy the constraint 
'PageProps'.
  Types of property 'params' are incompatible.
    Type '{ workspaceSlug: string; }' is missing the following properties from type 
'Promise<any>': then, catch, finally, [Symbol.toStringTag]

[0m [90m 32 |[39m
 [90m 33 |[39m [90m// Check the prop type of the entry function[39m
[31m[1m>[22m[39m[90m 34 |[39m 
checkFields[33m<[39m[33mDiff[39m[33m<[39m[33mPageProps[39m[33m,[39m 
[33mFirstArg[39m[33m<[39m[33mTEntry[39m[[32m'default'[39m][33m>[39m[33m,[39m 
[32m'default'[39m[33m>>[39m()
 [90m    |[39m                             [31m[1m^[22m[39m
 [90m 35 |[39m
 [90m 36 |[39m [90m// Check the arguments and return type of the generateMetadata 
function[39m
 [90m 37 |[39m [36mif[39m ([32m'generateMetadata'[39m [36min[39m entry) {[0m
Next.js build worker exited with code: 1 and signal: null
ÔÇëELIFECYCLEÔÇë Command failed with exit code 1.
